---
source: ribit-jit/src/register_alloc.rs
expression: "crate::test::ShowAllocs{allocs: &allocs, clobbers: &clobbers,}"

---
%0 => zdi
%2 => zax
%3 => zcx
%4 => zcx
%5 => zdx
%6 => zcx
%7 => zax
%8 => zax
%9 => zax
---------
12 => [zax, zcx]

