---
source: src/ssa/opt.rs
expression: DisplayDeferSlice(&instrs)
---
%0 = args[0]
%1 = args[1]
%2 = x(%0)2
%3 = add %2, 0
%4 = and %3, 16777215
%5 = x(%0)11
m(%1)%4 = byte %5
%6 = x(%0)12
%7 = add %6, 0
x(%0)2 = %7
x(%0)1 = 65580
x(%0)6 = 65572
ret 0, 65936
