---
source: src/ssa/lower.rs
expression: DisplayDeferSlice(&instrs)
---
ret 0, 1024
