---
source: src/ssa/lower.rs
expression: DisplayDeferSlice(&instrs)
---
x4 = 4
ret 0, 4096
