---
source: src/ssa/lower.rs
expression: DisplayDeferSlice(&instrs)
---
x2 = 50
ret 1, 8
