---
source: src/ssa/lower.rs
expression: DisplayDeferSlice(&instrs)
---
%0 = args[0]
%1 = args[1]
%2 = x(%0)1
%3 = cmp EQ 0, %2
%4 = select %3, 1024, 4
ret 0, %4
