---
source: ribit-ssa/src/lower.rs
expression: DisplayDeferSlice(&instrs)

---
%0 = args[0]
%1 = args[1]
ret 00000001, 00000008
